###############################################################################
#
# IAR ELF Linker V7.20.2.7424/W32 for ARM                 29/Dec/2015  21:17:15
# Copyright 2007-2014 IAR Systems AB.
#
#    Output file  =  
#        E:\znc\project\k60\image1207\Prj\IAR\DZ10_Debug\Exe\vcan_Kinetis.out
#    Map file     =  
#        E:\znc\project\k60\image1207\Prj\IAR\DZ10_Debug\List\vcan_Kinetis.map
#    Command line =  
#        E:\znc\project\k60\image1207\Prj\IAR\DZ10_Debug\Obj\diskio.o
#        E:\znc\project\k60\image1207\Prj\IAR\DZ10_Debug\Obj\ff.o
#        E:\znc\project\k60\image1207\Prj\IAR\DZ10_Debug\Obj\main.o
#        E:\znc\project\k60\image1207\Prj\IAR\DZ10_Debug\Obj\misc.o
#        E:\znc\project\k60\image1207\Prj\IAR\DZ10_Debug\Obj\MK60_adc.o
#        E:\znc\project\k60\image1207\Prj\IAR\DZ10_Debug\Obj\MK60_can.o
#        E:\znc\project\k60\image1207\Prj\IAR\DZ10_Debug\Obj\MK60_conf.o
#        E:\znc\project\k60\image1207\Prj\IAR\DZ10_Debug\Obj\MK60_dac.o
#        E:\znc\project\k60\image1207\Prj\IAR\DZ10_Debug\Obj\MK60_dma.o
#        E:\znc\project\k60\image1207\Prj\IAR\DZ10_Debug\Obj\MK60_DWT.o
#        E:\znc\project\k60\image1207\Prj\IAR\DZ10_Debug\Obj\MK60_flash.o
#        E:\znc\project\k60\image1207\Prj\IAR\DZ10_Debug\Obj\MK60_flexbus.o
#        E:\znc\project\k60\image1207\Prj\IAR\DZ10_Debug\Obj\MK60_ftm.o
#        E:\znc\project\k60\image1207\Prj\IAR\DZ10_Debug\Obj\MK60_gpio.o
#        E:\znc\project\k60\image1207\Prj\IAR\DZ10_Debug\Obj\MK60_i2c.o
#        E:\znc\project\k60\image1207\Prj\IAR\DZ10_Debug\Obj\MK60_it.o
#        E:\znc\project\k60\image1207\Prj\IAR\DZ10_Debug\Obj\MK60_lptmr.o
#        E:\znc\project\k60\image1207\Prj\IAR\DZ10_Debug\Obj\MK60_mcg.o
#        E:\znc\project\k60\image1207\Prj\IAR\DZ10_Debug\Obj\MK60_PIT.o
#        E:\znc\project\k60\image1207\Prj\IAR\DZ10_Debug\Obj\MK60_port.o
#        E:\znc\project\k60\image1207\Prj\IAR\DZ10_Debug\Obj\MK60_rtc.o
#        E:\znc\project\k60\image1207\Prj\IAR\DZ10_Debug\Obj\MK60_sdhc.o
#        E:\znc\project\k60\image1207\Prj\IAR\DZ10_Debug\Obj\MK60_spi.o
#        E:\znc\project\k60\image1207\Prj\IAR\DZ10_Debug\Obj\MK60_SysTick.o
#        E:\znc\project\k60\image1207\Prj\IAR\DZ10_Debug\Obj\MK60_uart.o
#        E:\znc\project\k60\image1207\Prj\IAR\DZ10_Debug\Obj\MK60_usb.o
#        E:\znc\project\k60\image1207\Prj\IAR\DZ10_Debug\Obj\MK60_wdog.o
#        E:\znc\project\k60\image1207\Prj\IAR\DZ10_Debug\Obj\ov7620.o
#        E:\znc\project\k60\image1207\Prj\IAR\DZ10_Debug\Obj\startup_MK60DZ10.o
#        E:\znc\project\k60\image1207\Prj\IAR\DZ10_Debug\Obj\system_MK60DZ10.o
#        E:\znc\project\k60\image1207\Prj\IAR\DZ10_Debug\Obj\USB.o
#        E:\znc\project\k60\image1207\Prj\IAR\DZ10_Debug\Obj\USB_CDC.o
#        E:\znc\project\k60\image1207\Prj\IAR\DZ10_Debug\Obj\VCAN_ASCII.o
#        E:\znc\project\k60\image1207\Prj\IAR\DZ10_Debug\Obj\VCAN_BMP.o
#        E:\znc\project\k60\image1207\Prj\IAR\DZ10_Debug\Obj\VCAN_camera.o
#        E:\znc\project\k60\image1207\Prj\IAR\DZ10_Debug\Obj\VCAN_computer.o
#        E:\znc\project\k60\image1207\Prj\IAR\DZ10_Debug\Obj\vcan_img2sd.o
#        E:\znc\project\k60\image1207\Prj\IAR\DZ10_Debug\Obj\VCAN_key.o
#        E:\znc\project\k60\image1207\Prj\IAR\DZ10_Debug\Obj\VCAN_key_event.o
#        E:\znc\project\k60\image1207\Prj\IAR\DZ10_Debug\Obj\VCAN_LCD.o
#        E:\znc\project\k60\image1207\Prj\IAR\DZ10_Debug\Obj\VCAN_LCD_CH.o
#        E:\znc\project\k60\image1207\Prj\IAR\DZ10_Debug\Obj\VCAN_LCD_ILI9341.o
#        E:\znc\project\k60\image1207\Prj\IAR\DZ10_Debug\Obj\VCAN_LCD_ST7735R.o
#        E:\znc\project\k60\image1207\Prj\IAR\DZ10_Debug\Obj\VCAN_LCD_ST7735S.o
#        E:\znc\project\k60\image1207\Prj\IAR\DZ10_Debug\Obj\VCAN_LED.o
#        E:\znc\project\k60\image1207\Prj\IAR\DZ10_Debug\Obj\VCAN_MMA7455.o
#        E:\znc\project\k60\image1207\Prj\IAR\DZ10_Debug\Obj\VCAN_NRF24L0.o
#        E:\znc\project\k60\image1207\Prj\IAR\DZ10_Debug\Obj\VCAN_NRF24L0_MSG.o
#        E:\znc\project\k60\image1207\Prj\IAR\DZ10_Debug\Obj\VCAN_OV7725_Eagle.o
#        E:\znc\project\k60\image1207\Prj\IAR\DZ10_Debug\Obj\VCAN_OV7725_Wolf.o
#        E:\znc\project\k60\image1207\Prj\IAR\DZ10_Debug\Obj\VCAN_RTC_count.o
#        E:\znc\project\k60\image1207\Prj\IAR\DZ10_Debug\Obj\VCAN_SCCB.o
#        E:\znc\project\k60\image1207\Prj\IAR\DZ10_Debug\Obj\vcan_sd_app.o
#        E:\znc\project\k60\image1207\Prj\IAR\DZ10_Debug\Obj\Vcan_touch.o
#        E:\znc\project\k60\image1207\Prj\IAR\DZ10_Debug\Obj\VCAN_TSL1401.o
#        E:\znc\project\k60\image1207\Prj\IAR\DZ10_Debug\Obj\VCAN_UI_VAR.o
#        E:\znc\project\k60\image1207\Prj\IAR\DZ10_Debug\Obj\vectors.o
#        --redirect _Printf=_PrintfLargeNoMb --redirect _Scanf=_ScanfLargeNoMb
#        -o
#        E:\znc\project\k60\image1207\Prj\IAR\DZ10_Debug\Exe\vcan_Kinetis.out
#        --map
#        E:\znc\project\k60\image1207\Prj\IAR\DZ10_Debug\List\vcan_Kinetis.map
#        --config "E:\znc\project\k60\image1207\Prj\IAR\config
#        files\vcan_ROM_K60N512.icf"
#        E:\znc\project\k60\image1207\Prj\IAR\..\..\Lib\CMSIS\iar_cortexM4l_math.a
#        --entry __iar_program_start --vfe
#
###############################################################################

*******************************************************************************
*** RUNTIME MODEL ATTRIBUTES
***

CppFlavor       = *
__SystemLibrary = DLib


*******************************************************************************
*** PLACEMENT SUMMARY
***

"A1":  place at 0x00000000 { ro section .intvec };
"A2":  place at 0x00000410 { ro section .noinit };
"P1":  place in [from 0x00000000 to 0x00080000] { ro, block CodeRelocate };
"P2":  place in [from 0x1fff0410 to 0x20010000] {
          rw, block CodeRelocateRam, block CSTACK, block HEAP };

  Section              Kind        Address    Size  Object
  -------              ----        -------    ----  ------
"A1":                                        0x410
  .intvec              const    0x00000000   0x410  vectors.o [1]
                              - 0x00000410   0x410

"P1", part 1 of 2:                             0x0
  .rodata              const    0x00000410     0x0  zero_init3.o [5]

"A2":                                          0x8
  .noinit              ro code  0x00000410     0x8  startup_MK60DZ10.o [1]
                              - 0x00000418     0x8

"P1", part 2 of 2:                          0x349c
  .text                ro code  0x00000418   0xbee  xprintflarge_nomb.o [3]
  .text                ro code  0x00001006    0x22  zero_init3.o [5]
  .text                ro code  0x00001028    0x16  strchr.o [5]
  .text                ro code  0x00001040    0x36  strlen.o [5]
  .text                ro code  0x00001078    0x58  memchr.o [5]
  .text                ro code  0x000010d0    0xee  I64DivMod.o [5]
  .text                ro code  0x000011c0    0x76  ABImemcpy_unaligned.o [5]
  .text                ro code  0x00001236    0x42  xdnorm.o [4]
  .text                ro code  0x00001278    0x2e  DblCmpLe.o [4]
  .text                ro code  0x000012a8   0x1a2  DblMul.o [4]
  .text                ro code  0x0000144c   0x246  DblDiv.o [4]
  .text                ro code  0x00001694    0x2c  DblToI32.o [4]
  .text                ro code  0x000016c0    0x1c  I32ToDbl.o [4]
  .text                ro code  0x000016dc   0x180  DblSub.o [4]
  .text                ro code  0x0000185c    0x6c  localeconv.o [3]
  .text                ro code  0x000018c8     0xe  div.o [3]
  .text                ro code  0x000018d8     0x2  I64DivZer.o [5]
  .text                ro code  0x000018dc    0xd4  DblAdd.o [4]
  .text                ro code  0x000019b0     0x2  xtls.o [3]
  .data_init                    0x000019b4   0x7dc  <Block>
    Initializer bytes  ro data  0x000019b4   0x7dc  <for .data-1>
  Veneer               ro code  0x00002190     0x8  - Linker created -
  .text                ro code  0x00002198   0x3c4  MK60_mcg.o [1]
  .text                ro code  0x0000255c   0x280  MK60_dma.o [1]
  .text                ro code  0x000027dc   0x128  MK60_gpio.o [1]
  .text                ro code  0x00002904    0xb0  MK60_port.o [1]
  Veneer               ro code  0x000029b4     0x8  - Linker created -
  Veneer               ro code  0x000029bc     0x8  - Linker created -
  .text                ro code  0x000029c4   0x140  MK60_conf.o [1]
  .text                ro code  0x00002b04    0x70  VCAN_LED.o [1]
  .text                ro code  0x00002b74    0x24  printf.o [3]
  .text                ro code  0x00002b98    0x64  MK60_SysTick.o [1]
  .text                ro code  0x00002bfc   0x24c  MK60_uart.o [1]
  .text                ro code  0x00002e48    0x9c  VCAN_key.o [1]
  .text                ro code  0x00002ee4   0x234  main.o [1]
  .text                ro code  0x00003118    0x50  misc.o [1]
  .text                ro code  0x00003168   0x11c  MK60_PIT.o [1]
  CodeRelocate                  0x00003284   0x1c8  <Block>
    Initializer bytes  ro data  0x00003284   0x1c8  <for CodeRelocateRam-1>
  .text                ro code  0x0000344c   0x130  system_MK60DZ10.o [1]
  .text                ro code  0x0000357c    0x40  MK60_wdog.o [1]
  .rodata              const    0x000035bc    0x3c  MK60_conf.o [1]
  .rodata              const    0x000035f8    0x38  MK60_SysTick.o [1]
  .rodata              const    0x00003630    0x34  MK60_dma.o [1]
  .rodata              const    0x00003664    0x34  MK60_flash.o [1]
  .rodata              const    0x00003698    0x34  MK60_gpio.o [1]
  .rodata              const    0x000036cc    0x34  MK60_uart.o [1]
  .rodata              const    0x00003700    0x30  misc.o [1]
  .text                ro code  0x00003730    0x28  data_init.o [5]
  .rodata              const    0x00003758    0x24  MK60_conf.o [1]
  .iar.init_table      const    0x0000377c    0x10  - Linker created -
  .rodata              const    0x0000378c    0x20  MK60_conf.o [1]
  .text                ro code  0x000037ac    0x1a  cmain.o [5]
  .text                ro code  0x000037c6     0x4  low_level_init.o [3]
  .text                ro code  0x000037ca     0x4  exit.o [3]
  .text                ro code  0x000037d0     0xa  cexit.o [5]
  .text                ro code  0x000037dc     0xc  XXexit.o [5]
  .text                ro code  0x000037e8    0x16  xprout.o [3]
  .text                ro code  0x00003800     0xc  putchar.o [3]
  .rodata              const    0x0000380c    0x14  MK60_conf.o [1]
  .text                ro code  0x00003820     0xc  cstartup_M.o [5]
  Initializer bytes    ro data  0x0000382c    0x88  <for P2 s0>
                              - 0x000038b4  0x349c

"P2":                                       0x6854
  .data                         0x1fff0410   0x7dc  <Block>
    .data-1                     0x1fff0410   0x7dc  <Init block>
      .data            inited   0x1fff0410   0x708  MK60_conf.o [1]
      .data            inited   0x1fff0b18    0x14  MK60_gpio.o [1]
      .data            inited   0x1fff0b2c    0x44  MK60_mcg.o [1]
      .data            inited   0x1fff0b70     0x4  MK60_mcg.o [1]
      .data            inited   0x1fff0b74    0x14  MK60_port.o [1]
      .data            inited   0x1fff0b88    0x18  MK60_uart.o [1]
      .data            inited   0x1fff0ba0     0x8  VCAN_key.o [1]
      .data            inited   0x1fff0ba8     0x4  VCAN_LED.o [1]
      .data            inited   0x1fff0bac    0x40  xfiles.o [3]
  CodeRelocateRam               0x1fff0bec   0x1c8  <Block>
    CodeRelocateRam-1           0x1fff0bec   0x1c8  <Init block>
      Veneer           inited   0x1fff0bec     0x8  - Linker created -
      Veneer           inited   0x1fff0bf4     0x8  - Linker created -
      .textrw          inited   0x1fff0bfc   0x168  MK60_flash.o [1]
      .textrw          inited   0x1fff0d64    0x50  MK60_mcg.o [1]
  .bss                          0x1fff0db4  0x5e25  <Block>
    .bss               zero     0x1fff0db4  0x5dc0  main.o [1]
    .bss               zero     0x1fff6b74     0x4  main.o [1]
    .bss               zero     0x1fff6b78     0x4  main.o [1]
    .bss               zero     0x1fff6b7c     0x4  system_MK60DZ10.o [1]
    .bss               zero     0x1fff6b80     0x4  system_MK60DZ10.o [1]
    .bss               zero     0x1fff6b84     0x4  system_MK60DZ10.o [1]
    .bss               zero     0x1fff6b88    0x50  xfiles.o [3]
    .bss               zero     0x1fff6bd8     0x1  main.o [1]
  P2 s0                         0x1fff6bdc    0x88  <Init block>
    __DLIB_PERTHREAD   inited   0x1fff6bdc    0x88  localeconv.o [3]
                              - 0x1fff6c64  0x6854


*******************************************************************************
*** INIT TABLE
***

          Address     Size
          -------     ----
Zero (__iar_zero_init3)
    1 destination range, total size 0x5e25:
          0x1fff0db4  0x5e25



*******************************************************************************
*** MODULE SUMMARY
***

    Module                 ro code  rw code  ro data  rw data
    ------                 -------  -------  -------  -------
E:\znc\project\k60\image1207\Prj\IAR\DZ10_Debug\Obj: [1]
    MK60_PIT.o                 284
    MK60_SysTick.o             100                56
    MK60_conf.o                320             1 948    1 800
    MK60_dma.o                 640                52
    MK60_flash.o                        360      412
    MK60_gpio.o                296                72       20
    MK60_mcg.o                 964       80      152       72
    MK60_port.o                176                20       20
    MK60_uart.o                588                76       24
    MK60_wdog.o                 64
    VCAN_LED.o                 112                 4        4
    VCAN_key.o                 156                 8        8
    main.o                     564                     24 009
    misc.o                      80                48
    startup_MK60DZ10.o           8
    system_MK60DZ10.o          304                         12
    vectors.o                                  1 040
    ---------------------------------------------------------
    Total:                   4 656      440    3 888   25 969

command line: [2]
    ---------------------------------------------------------
    Total:

dl7M_tlf.a: [3]
    div.o                       14
    exit.o                       4
    localeconv.o               108               136      136
    low_level_init.o             4
    printf.o                    36
    putchar.o                   12
    xfiles.o                                      64      144
    xprintflarge_nomb.o      3 054
    xprout.o                    22
    xtls.o                       2
    ---------------------------------------------------------
    Total:                   3 256               200      280

m7M_tl.a: [4]
    DblAdd.o                   212
    DblCmpLe.o                  46
    DblDiv.o                   582
    DblMul.o                   418
    DblSub.o                   384
    DblToI32.o                  44
    I32ToDbl.o                  28
    xdnorm.o                    66
    ---------------------------------------------------------
    Total:                   1 780

rt7M_tl.a: [5]
    ABImemcpy_unaligned.o      118
    I64DivMod.o                238
    I64DivZer.o                  2
    XXexit.o                    12
    cexit.o                     10
    cmain.o                     26
    cstartup_M.o                12
    data_init.o                 40
    memchr.o                    88
    strchr.o                    22
    strlen.o                    54
    zero_init3.o                34
    ---------------------------------------------------------
    Total:                     656

    Gaps                        22
    Linker created              24       16       32
-------------------------------------------------------------
    Grand Total:            10 394      456    4 120   26 249


*******************************************************************************
*** ENTRY LIST
***

Entry                      Address    Size  Type      Object
-----                      -------    ----  ----      ------
.bss$$Base              0x1fff0db4           --   Gb  - Linker created -
.bss$$Limit             0x1fff6bd9           --   Gb  - Linker created -
.data$$Base             0x1fff0410           --   Gb  - Linker created -
.data$$Limit            0x1fff0bec           --   Gb  - Linker created -
.data_init$$Base        0x000019b4           --   Gb  - Linker created -
.data_init$$Limit       0x00002190           --   Gb  - Linker created -
?main                   0x000037ad          Code  Gb  cmain.o [5]
ASSERT_FAILED_STR       0x00003758    0x24  Data  Gb  MK60_conf.o [1]
CodeRelocate$$Base      0x00003284           --   Gb  - Linker created -
CodeRelocate$$Limit     0x0000344c           --   Gb  - Linker created -
CodeRelocateRam$$Base   0x1fff0bec           --   Gb  - Linker created -
CodeRelocateRam$$Limit  0x1fff0db4           --   Gb  - Linker created -
DMA0_IRQHandler         0x00003095    0x4c  Code  Gb  main.o [1]
GPIOX                   0x1fff0b18    0x14  Data  Gb  MK60_gpio.o [1]
H_count                 0x1fff6b74     0x4  Data  Gb  main.o [1]
KEY_PTxn                0x1fff0ba0     0x8  Data  Gb  VCAN_key.o [1]
LED_PTxn                0x1fff0ba8     0x4  Data  Gb  VCAN_LED.o [1]
LoadInt                 0x00000995    0x6e  Code  Lc  xprintflarge_nomb.o [3]
NVIC_DisableIRQ         0x00002ef9    0x14  Code  Lc  main.o [1]
NVIC_EnableIRQ          0x00002ee5    0x14  Code  Lc  main.o [1]
NVIC_EnableIRQ          0x0000255d    0x14  Code  Lc  MK60_dma.o [1]
NVIC_SystemReset        0x000029c5    0x1a  Code  Lc  MK60_conf.o [1]
PORTA_IRQHandler        0x00003015    0x4a  Code  Gb  main.o [1]
PORTB_IRQHandler        0x00003061    0x34  Code  Gb  main.o [1]
PORTX                   0x1fff0b74    0x14  Data  Gb  MK60_port.o [1]
Region$$Table$$Base     0x0000377c           --   Gb  - Linker created -
Region$$Table$$Limit    0x0000378c           --   Gb  - Linker created -
Reset_Handler           0x00000411          Code  Gb  startup_MK60DZ10.o [1]
UARTN                   0x1fff0b88    0x18  Data  Gb  MK60_uart.o [1]
_GenldLargeNoMb         0x00000d89   0x236  Code  Lc  xprintflarge_nomb.o [3]
_LdtobLargeNoMb         0x00000b09   0x27a  Code  Lc  xprintflarge_nomb.o [3]
_LitobLargeNoMb         0x00000a03   0x106  Code  Lc  xprintflarge_nomb.o [3]
_Locale_aeabi_lconv     0x1fff6c2c    0x38  Data  Gb  localeconv.o [3]
_Locale_lconv           0x1fff6bdc    0x50  Data  Gb  localeconv.o [3]
_PrintfLargeNoMb        0x00000419   0x576  Code  Gb  xprintflarge_nomb.o [3]
_Prout                  0x000037e9    0x16  Code  Gb  xprout.o [3]
_PutcharsLargeNoMb      0x00000fbf    0x2e  Code  Lc  xprintflarge_nomb.o [3]
__BOOT_STACK_ADDRESS {Abs}
                        0x2000fff8           --   Gb  command line/config [2]
__VECTOR_RAM {Abs}      0x1fff0000           --   Gb  command line/config [2]
__VECTOR_TABLE {Abs}    0x00000000           --   Gb  command line/config [2]
__aeabi_cdcmple         0x00001279          Code  Gb  DblCmpLe.o [4]
__aeabi_d2uiz           0x00001695          Code  Gb  DblToI32.o [4]
__aeabi_ddiv            0x0000144d          Code  Gb  DblDiv.o [4]
__aeabi_dmul            0x000012a9          Code  Gb  DblMul.o [4]
__aeabi_dsub            0x000016dd          Code  Gb  DblSub.o [4]
__aeabi_ldiv0           0x000018d9          Code  Gb  I64DivZer.o [5]
__aeabi_ui2d            0x000016c1          Code  Gb  I32ToDbl.o [4]
__aeabi_uldivmod        0x000010d1          Code  Gb  I64DivMod.o [5]
__as_entries_start      0xffffffff           --   Gb  command line/config [2]
__as_table_start        0xffffffff           --   Gb  command line/config [2]
__cmain                 0x000037ad          Code  Gb  cmain.o [5]
__code_start__ {Abs}    0x00000410           --   Gb  command line/config [2]
__exit                  0x000037dd          Code  Gb  XXexit.o [5]
__iar_Dnorm             0x00001237    0x42  Code  Gb  xdnorm.o [4]
__iar_Locale_lconv_init
                        0x0000185d    0x3a  Code  Gb  localeconv.o [3]
__iar_Memchr            0x00001079          Code  Gb  memchr.o [5]
__iar_Stdout            0x1fff0bac    0x40  Data  Gb  xfiles.o [3]
__iar_Strchr            0x00001029          Code  Gb  strchr.o [5]
__iar_d2uiz             0x000016a1          Code  Gb  DblToI32.o [4]
__iar_dadd              0x000018dd          Code  Gb  DblAdd.o [4]
__iar_data_init3        0x00003731    0x28  Code  Gb  data_init.o [5]
__iar_dlib_perthread_access
                        0x000019b1     0x2  Code  Gb  xtls.o [3]
__iar_dsub              0x000016f1          Code  Gb  DblSub.o [4]
__iar_dsubStart         0x00001703          Code  Gb  DblSub.o [4]
__iar_program_start     0x00003821          Code  Gb  cstartup_M.o [5]
__iar_ui2d              0x000016c5          Code  Gb  I32ToDbl.o [4]
__iar_unaligned___aeabi_memcpy
                        0x000011c1          Code  Gb  ABImemcpy_unaligned.o [5]
__iar_unaligned___aeabi_memcpy4
                        0x000011e1          Code  Gb  ABImemcpy_unaligned.o [5]
__iar_unaligned___aeabi_memcpy8
                        0x000011e1          Code  Gb  ABImemcpy_unaligned.o [5]
__iar_zero_init3        0x00001007    0x22  Code  Gb  zero_init3.o [5]
__low_level_init        0x000037c7     0x4  Code  Gb  low_level_init.o [3]
__vector_table          0x00000000   0x410  Data  Gb  vectors.o [1]
_call_main              0x000037b9          Code  Gb  cmain.o [5]
_exit                   0x000037d1          Code  Gb  cexit.o [5]
_main                   0x000037c3          Code  Gb  cmain.o [5]
assert_failed           0x000029df    0x26  Code  Gb  MK60_conf.o [1]
bus_clk_khz             0x1fff6b84     0x4  Data  Gb  system_MK60DZ10.o [1]
common_startup          0x000034ab    0x98  Code  Gb  system_MK60DZ10.o [1]
core_clk_khz            0x1fff6b7c     0x4  Data  Gb  system_MK60DZ10.o [1]
core_clk_mhz            0x1fff6b80     0x4  Data  Gb  system_MK60DZ10.o [1]
default_isr             0x00002ab3    0x30  Code  Gb  MK60_conf.o [1]
div                     0x000018c9     0xe  Code  Gb  div.o [3]
dma_gpio_input_init     0x00002571    0x5c  Code  Lc  MK60_dma.o [1]
dma_portx2buff_init     0x000025cd   0x1e0  Code  Gb  MK60_dma.o [1]
exit                    0x000037cb     0x4  Code  Gb  exit.o [3]
flash_cmd               0x1fff0bfd    0x20  Code  Gb  MK60_flash.o [1]
flash_erase_sector      0x1fff0c4d    0x58  Code  Gb  MK60_flash.o [1]
flash_init              0x1fff0c1d    0x30  Code  Gb  MK60_flash.o [1]
flash_write             0x1fff0ca5    0x8e  Code  Gb  MK60_flash.o [1]
fputc                   0x00002a05    0x14  Code  Gb  MK60_conf.o [1]
gpio_get                0x000028c3    0x3a  Code  Gb  MK60_gpio.o [1]
gpio_init               0x000027dd    0xae  Code  Gb  MK60_gpio.o [1]
gpio_turn               0x0000288b    0x38  Code  Gb  MK60_gpio.o [1]
image_date              0x1fff0db4  0x5dc0  Data  Gb  main.o [1]
image_send              0x1fff6bd8     0x1  Data  Gb  main.o [1]
key_check               0x00002eb5    0x2a  Code  Gb  VCAN_key.o [1]
key_get                 0x00002e9b    0x1a  Code  Gb  VCAN_key.o [1]
key_init                0x00002e49    0x52  Code  Gb  VCAN_key.o [1]
led_init                0x00002b05    0x3a  Code  Gb  VCAN_LED.o [1]
led_turn                0x00002b3f    0x32  Code  Gb  VCAN_LED.o [1]
localeconv              0x00001897    0x16  Code  Gb  localeconv.o [3]
main                    0x00002f0d    0xae  Code  Gb  main.o [1]
mcg_cfg                 0x1fff0b2c    0x44  Data  Gb  MK60_mcg.o [1]
mcg_div                 0x1fff0b70     0x4  Data  Gb  MK60_mcg.o [1]
mcg_div_count           0x00002199   0x2f4  Code  Gb  MK60_mcg.o [1]
memchr                  0x00001079          Code  Gb  memchr.o [5]
obuf                    0x1fff6b88    0x50  Data  Lc  xfiles.o [3]
pit_close               0x00003247    0x32  Code  Gb  MK60_PIT.o [1]
pit_time_get            0x000031e3    0x64  Code  Gb  MK60_PIT.o [1]
pit_time_start          0x00003169    0x7a  Code  Gb  MK60_PIT.o [1]
pll_init                0x0000248d    0xb2  Code  Gb  MK60_mcg.o [1]
port_init               0x00002905    0x44  Code  Gb  MK60_port.o [1]
port_init_NoALT         0x00002949    0x62  Code  Gb  MK60_port.o [1]
printf                  0x00002b75    0x24  Code  Gb  printf.o [3]
putchar                 0x00003801     0xc  Code  Gb  putchar.o [3]
send                    0x00002fbb    0x5a  Code  Gb  main.o [1]
set_sys_dividers        0x1fff0d65    0x50  Code  Gb  MK60_mcg.o [1]
set_vector_handler      0x0000313b    0x22  Code  Gb  misc.o [1]
start                   0x0000344d    0x22  Code  Gb  system_MK60DZ10.o [1]
start_check             0x00002a19    0x9a  Code  Gb  MK60_conf.o [1]
strchr                  0x00001029          Code  Gb  strchr.o [5]
strlen                  0x00001041          Code  Gb  strlen.o [5]
sysinit                 0x0000346f    0x3c  Code  Gb  system_MK60DZ10.o [1]
systick_delay           0x00002b99    0x36  Code  Gb  MK60_SysTick.o [1]
systick_delay_ms        0x00002bcf    0x18  Code  Gb  MK60_SysTick.o [1]
time_temp               0x1fff6b78     0x4  Data  Gb  main.o [1]
uart_init               0x00002bfd   0x218  Code  Gb  MK60_uart.o [1]
uart_putchar            0x00002e15    0x1a  Code  Gb  MK60_uart.o [1]
vector_str              0x1fff0410   0x708  Data  Gb  MK60_conf.o [1]
wdog_disable            0x0000357d    0x16  Code  Gb  MK60_wdog.o [1]
wdog_unlock             0x00003593    0x20  Code  Lc  MK60_wdog.o [1]
write_vtor              0x00003119    0x22  Code  Gb  misc.o [1]


[1] = E:\znc\project\k60\image1207\Prj\IAR\DZ10_Debug\Obj
[2] = command line
[3] = dl7M_tlf.a
[4] = m7M_tl.a
[5] = rt7M_tl.a

  10 394 bytes of readonly  code memory
     456 bytes of readwrite code memory
   4 120 bytes of readonly  data memory
  26 249 bytes of readwrite data memory

Errors: none
Warnings: none
